// Jest Snapshot v1, https://goo.gl/fbAQLP

exports[`Message snapshot with different text 1`] = `
<div>
  Hello, Jest!
</div>
`;
